
> summit-fellowship@0.1.0 build
> next build

▲ Next.js 16.2.6 (Turbopack)

  Creating an optimized production build ...
✓ Compiled successfully in 4.4s
  Running TypeScript ...
  Finished TypeScript in 4.6s ...
  Collecting page data using 7 workers ...
  Generating static pages using 7 workers (0/23) ...
  Generating static pages using 7 workers (5/23) 
  Generating static pages using 7 workers (11/23) 
  Generating static pages using 7 workers (17/23) 
✓ Generating static pages using 7 workers (23/23) in 714ms
  Finalizing page optimization ...

Route (app)
┌ ○ /
├ ○ /_not-found
├ ○ /contact
├ ○ /curriculum
├ ○ /explore-skardu
├ ○ /faculty
├ ○ /fellows
├ ● /fellows/[slug]
│ ├ /fellows/rubeena-kidwai
│ ├ /fellows/azima-dhanjee
│ ├ /fellows/habiba-banu
│ └ [+8 more paths]
├ ○ /itinerary
├ ○ /resources
└ ○ /venue


○  (Static)  prerendered as static content
●  (SSG)     prerendered as static HTML (uses generateStaticParams)

